Holiday check error: SQLSTATE[HY093]: Invalid parameter numberHoliday check error: SQLSTATE[HY093]: Invalid parameter numberHoliday check error: SQLSTATE[HY093]: Invalid parameter numberHoliday check error: SQLSTATE[HY093]: Invalid parameter numberHoliday check error: SQLSTATE[HY093]: Invalid parameter numberHoliday check error: SQLSTATE[HY093]: Invalid parameter numberHoliday check error: SQLSTATE[HY093]: Invalid parameter numberHoliday check error: SQLSTATE[HY093]: Invalid parameter numberHoliday check error: SQLSTATE[HY093]: Invalid parameter numberHoliday check error: SQLSTATE[HY093]: Invalid parameter numberHoliday check error: SQLSTATE[HY093]: Invalid parameter numberHoliday check error: SQLSTATE[HY093]: Invalid parameter numberHoliday check error: SQLSTATE[HY093]: Invalid parameter numberHoliday check error: SQLSTATE[HY093]: Invalid parameter numberHoliday check error: SQLSTATE[HY093]: Invalid parameter numberHoliday check error: SQLSTATE[HY093]: Invalid parameter numberHoliday check error: SQLSTATE[HY093]: Invalid parameter numberHoliday check error: SQLSTATE[HY093]: Invalid parameter numberHoliday check error: SQLSTATE[HY093]: Invalid parameter numberHoliday check error: SQLSTATE[HY093]: Invalid parameter numberHoliday check error: SQLSTATE[HY093]: Invalid parameter numberHoliday check error: SQLSTATE[HY093]: Invalid parameter numberHoliday check error: SQLSTATE[HY093]: Invalid parameter numberHoliday check error: SQLSTATE[HY093]: Invalid parameter numberHoliday check error: SQLSTATE[HY093]: Invalid parameter numberHoliday check error: SQLSTATE[HY093]: Invalid parameter numberHoliday check error: SQLSTATE[HY093]: Invalid parameter numberHoliday check error: SQLSTATE[HY093]: Invalid parameter numberHoliday check error: SQLSTATE[HY093]: Invalid parameter numberHoliday check error: SQLSTATE[HY093]: Invalid parameter numberHoliday check error: SQLSTATE[HY093]: Invalid parameter numberHoliday check error: SQLSTATE[HY093]: Invalid parameter numberHoliday check error: SQLSTATE[HY093]: Invalid parameter numberHoliday check error: SQLSTATE[HY093]: Invalid parameter numberHoliday check error: SQLSTATE[HY093]: Invalid parameter numberHoliday check error: SQLSTATE[HY093]: Invalid parameter numberHoliday check error: SQLSTATE[HY093]: Invalid parameter numberHoliday check error: SQLSTATE[HY093]: Invalid parameter numberHoliday check error: SQLSTATE[HY093]: Invalid parameter numberHoliday check error: SQLSTATE[HY093]: Invalid parameter numberHoliday check error: SQLSTATE[HY093]: Invalid parameter numberHoliday check error: SQLSTATE[HY093]: Invalid parameter numberHoliday check error: SQLSTATE[HY093]: Invalid parameter numberHoliday check error: SQLSTATE[HY093]: Invalid parameter numberHoliday check error: SQLSTATE[HY093]: Invalid parameter numberHoliday check error: SQLSTATE[HY093]: Invalid parameter numberHoliday check error: SQLSTATE[HY093]: Invalid parameter numberHoliday check error: SQLSTATE[HY093]: Invalid parameter numberHoliday check error: SQLSTATE[HY093]: Invalid parameter numberHoliday check error: SQLSTATE[HY093]: Invalid parameter numberHoliday check error: SQLSTATE[HY093]: Invalid parameter numberHoliday check error: SQLSTATE[HY093]: Invalid parameter numberHoliday check error: SQLSTATE[HY093]: Invalid parameter numberHoliday check error: SQLSTATE[HY093]: Invalid parameter numberHoliday check error: SQLSTATE[HY093]: Invalid parameter numberHoliday check error: SQLSTATE[HY093]: Invalid parameter numberHoliday check error: SQLSTATE[HY093]: Invalid parameter numberHoliday check error: SQLSTATE[HY093]: Invalid parameter numberHoliday check error: SQLSTATE[HY093]: Invalid parameter numberHoliday check error: SQLSTATE[HY093]: Invalid parameter numberHoliday check error: SQLSTATE[HY093]: Invalid parameter numberHoliday check error: SQLSTATE[HY093]: Invalid parameter numberHoliday check error: SQLSTATE[HY093]: Invalid parameter numberHoliday check error: SQLSTATE[HY093]: Invalid parameter numberHoliday check error: SQLSTATE[HY093]: Invalid parameter numberHoliday check error: SQLSTATE[HY093]: Invalid parameter numberHoliday check error: SQLSTATE[HY093]: Invalid parameter numberHoliday check error: SQLSTATE[HY093]: Invalid parameter numberHoliday check error: SQLSTATE[HY093]: Invalid parameter numberHoliday check error: SQLSTATE[HY093]: Invalid parameter numberHoliday check error: SQLSTATE[HY093]: Invalid parameter numberHoliday check error: SQLSTATE[HY093]: Invalid parameter numberHoliday check error: SQLSTATE[HY093]: Invalid parameter numberHoliday check error: SQLSTATE[HY093]: Invalid parameter numberHoliday check error: SQLSTATE[HY093]: Invalid parameter numberHoliday check error: SQLSTATE[HY093]: Invalid parameter numberHoliday check error: SQLSTATE[HY093]: Invalid parameter numberHoliday check error: SQLSTATE[HY093]: Invalid parameter numberHoliday check error: SQLSTATE[HY093]: Invalid parameter numberHoliday check error: SQLSTATE[HY093]: Invalid parameter numberHoliday check error: SQLSTATE[HY093]: Invalid parameter numberHoliday check error: SQLSTATE[HY093]: Invalid parameter numberHoliday check error: SQLSTATE[HY093]: Invalid parameter numberHoliday check error: SQLSTATE[HY093]: Invalid parameter numberHoliday check error: SQLSTATE[HY093]: Invalid parameter numberHoliday check error: SQLSTATE[HY093]: Invalid parameter numberHoliday check error: SQLSTATE[HY093]: Invalid parameter numberHoliday check error: SQLSTATE[HY093]: Invalid parameter numberHoliday check error: SQLSTATE[HY093]: Invalid parameter numberHoliday check error: SQLSTATE[HY093]: Invalid parameter numberHoliday check error: SQLSTATE[HY093]: Invalid parameter numberHoliday check error: SQLSTATE[HY093]: Invalid parameter numberHoliday check error: SQLSTATE[HY093]: Invalid parameter numberHoliday check error: SQLSTATE[HY093]: Invalid parameter numberHoliday check error: SQLSTATE[HY093]: Invalid parameter numberHoliday check error: SQLSTATE[HY093]: Invalid parameter numberHoliday check error: SQLSTATE[HY093]: Invalid parameter numberHoliday check error: SQLSTATE[HY093]: Invalid parameter numberHoliday check error: SQLSTATE[HY093]: Invalid parameter numberHoliday check error: SQLSTATE[HY093]: Invalid parameter numberHoliday check error: SQLSTATE[HY093]: Invalid parameter numberHoliday check error: SQLSTATE[HY093]: Invalid parameter numberHoliday check error: SQLSTATE[HY093]: Invalid parameter numberHoliday check error: SQLSTATE[HY093]: Invalid parameter numberHoliday check error: SQLSTATE[HY093]: Invalid parameter numberHoliday check error: SQLSTATE[HY093]: Invalid parameter numberHoliday check error: SQLSTATE[HY093]: Invalid parameter numberHoliday check error: SQLSTATE[HY093]: Invalid parameter numberHoliday check error: SQLSTATE[HY093]: Invalid parameter numberHoliday check error: SQLSTATE[HY093]: Invalid parameter numberHoliday check error: SQLSTATE[HY093]: Invalid parameter numberHoliday check error: SQLSTATE[HY093]: Invalid parameter numberHoliday check error: SQLSTATE[HY093]: Invalid parameter numberHoliday check error: SQLSTATE[HY093]: Invalid parameter numberHoliday check error: SQLSTATE[HY093]: Invalid parameter numberHoliday check error: SQLSTATE[HY093]: Invalid parameter numberHoliday check error: SQLSTATE[HY093]: Invalid parameter numberHoliday check error: SQLSTATE[HY093]: Invalid parameter numberHoliday check error: SQLSTATE[HY093]: Invalid parameter numberHoliday check error: SQLSTATE[HY093]: Invalid parameter numberHoliday check error: SQLSTATE[HY093]: Invalid parameter numberHoliday check error: SQLSTATE[HY093]: Invalid parameter numberHoliday check error: SQLSTATE[HY093]: Invalid parameter numberHoliday check error: SQLSTATE[HY093]: Invalid parameter numberHoliday check error: SQLSTATE[HY093]: Invalid parameter numberHoliday check error: SQLSTATE[HY093]: Invalid parameter numberHoliday check error: SQLSTATE[HY093]: Invalid parameter numberHoliday check error: SQLSTATE[HY093]: Invalid parameter numberHoliday check error: SQLSTATE[HY093]: Invalid parameter numberHoliday check error: SQLSTATE[HY093]: Invalid parameter numberHoliday check error: SQLSTATE[HY093]: Invalid parameter numberHoliday check error: SQLSTATE[HY093]: Invalid parameter numberHoliday check error: SQLSTATE[HY093]: Invalid parameter numberHoliday check error: SQLSTATE[HY093]: Invalid parameter numberHoliday check error: SQLSTATE[HY093]: Invalid parameter numberHoliday check error: SQLSTATE[HY093]: Invalid parameter numberHoliday check error: SQLSTATE[HY093]: Invalid parameter numberHoliday check error: SQLSTATE[HY093]: Invalid parameter numberHoliday check error: SQLSTATE[HY093]: Invalid parameter numberHoliday check error: SQLSTATE[HY093]: Invalid parameter numberHoliday check error: SQLSTATE[HY093]: Invalid parameter numberHoliday check error: SQLSTATE[HY093]: Invalid parameter numberHoliday check error: SQLSTATE[HY093]: Invalid parameter numberHoliday check error: SQLSTATE[HY093]: Invalid parameter numberHoliday check error: SQLSTATE[HY093]: Invalid parameter numberHoliday check error: SQLSTATE[HY093]: Invalid parameter numberHoliday check error: SQLSTATE[HY093]: Invalid parameter numberHoliday check error: SQLSTATE[HY093]: Invalid parameter numberHoliday check error: SQLSTATE[HY093]: Invalid parameter numberHoliday check error: SQLSTATE[HY093]: Invalid parameter numberHoliday check error: SQLSTATE[HY093]: Invalid parameter numberHoliday check error: SQLSTATE[HY093]: Invalid parameter numberHoliday check error: SQLSTATE[HY093]: Invalid parameter numberHoliday check error: SQLSTATE[HY093]: Invalid parameter numberHoliday check error: SQLSTATE[HY093]: Invalid parameter numberHoliday check error: SQLSTATE[HY093]: Invalid parameter numberHoliday check error: SQLSTATE[HY093]: Invalid parameter numberHoliday check error: SQLSTATE[HY093]: Invalid parameter numberHoliday check error: SQLSTATE[HY093]: Invalid parameter numberHoliday check error: SQLSTATE[HY093]: Invalid parameter numberHoliday check error: SQLSTATE[HY093]: Invalid parameter numberHoliday check error: SQLSTATE[HY093]: Invalid parameter numberHoliday check error: SQLSTATE[HY093]: Invalid parameter numberHoliday check error: SQLSTATE[HY093]: Invalid parameter numberHoliday check error: SQLSTATE[HY093]: Invalid parameter numberHoliday check error: SQLSTATE[HY093]: Invalid parameter numberHoliday check error: SQLSTATE[HY093]: Invalid parameter numberHoliday check error: SQLSTATE[HY093]: Invalid parameter numberHoliday check error: SQLSTATE[HY093]: Invalid parameter numberHoliday check error: SQLSTATE[HY093]: Invalid parameter numberHoliday check error: SQLSTATE[HY093]: Invalid parameter numberHoliday check error: SQLSTATE[HY093]: Invalid parameter numberHoliday check error: SQLSTATE[HY093]: Invalid parameter numberHoliday check error: SQLSTATE[HY093]: Invalid parameter numberHoliday check error: SQLSTATE[HY093]: Invalid parameter numberHoliday check error: SQLSTATE[HY093]: Invalid parameter numberHoliday check error: SQLSTATE[HY093]: Invalid parameter numberHoliday check error: SQLSTATE[HY093]: Invalid parameter numberHoliday check error: SQLSTATE[HY093]: Invalid parameter numberHoliday check error: SQLSTATE[HY093]: Invalid parameter numberHoliday check error: SQLSTATE[HY093]: Invalid parameter numberHoliday check error: SQLSTATE[HY093]: Invalid parameter numberHoliday check error: SQLSTATE[HY093]: Invalid parameter numberHoliday check error: SQLSTATE[HY093]: Invalid parameter numberHoliday check error: SQLSTATE[HY093]: Invalid parameter numberHoliday check error: SQLSTATE[HY093]: Invalid parameter numberHoliday check error: SQLSTATE[HY093]: Invalid parameter numberHoliday check error: SQLSTATE[HY093]: Invalid parameter numberHoliday check error: SQLSTATE[HY093]: Invalid parameter numberHoliday check error: SQLSTATE[HY093]: Invalid parameter numberHoliday check error: SQLSTATE[HY093]: Invalid parameter numberHoliday check error: SQLSTATE[HY093]: Invalid parameter numberHoliday check error: SQLSTATE[HY093]: Invalid parameter numberHoliday check error: SQLSTATE[HY093]: Invalid parameter numberHoliday check error: SQLSTATE[HY093]: Invalid parameter numberHoliday check error: SQLSTATE[HY093]: Invalid parameter numberHoliday check error: SQLSTATE[HY093]: Invalid parameter numberHoliday check error: SQLSTATE[HY093]: Invalid parameter numberHoliday check error: SQLSTATE[HY093]: Invalid parameter numberHoliday check error: SQLSTATE[HY093]: Invalid parameter numberHoliday check error: SQLSTATE[HY093]: Invalid parameter numberHoliday check error: SQLSTATE[HY093]: Invalid parameter numberHoliday check error: SQLSTATE[HY093]: Invalid parameter numberHoliday check error: SQLSTATE[HY093]: Invalid parameter numberHoliday check error: SQLSTATE[HY093]: Invalid parameter numberHoliday check error: SQLSTATE[HY093]: Invalid parameter numberHoliday check error: SQLSTATE[HY093]: Invalid parameter numberHoliday check error: SQLSTATE[HY093]: Invalid parameter numberHoliday check error: SQLSTATE[HY093]: Invalid parameter numberHoliday check error: SQLSTATE[HY093]: Invalid parameter numberHoliday check error: SQLSTATE[HY093]: Invalid parameter numberHoliday check error: SQLSTATE[HY093]: Invalid parameter numberHoliday check error: SQLSTATE[HY093]: Invalid parameter numberHoliday check error: SQLSTATE[HY093]: Invalid parameter numberHoliday check error: SQLSTATE[HY093]: Invalid parameter numberHoliday check error: SQLSTATE[HY093]: Invalid parameter numberHoliday check error: SQLSTATE[HY093]: Invalid parameter numberHoliday check error: SQLSTATE[HY093]: Invalid parameter numberHoliday check error: SQLSTATE[HY093]: Invalid parameter numberHoliday check error: SQLSTATE[HY093]: Invalid parameter numberHoliday check error: SQLSTATE[HY093]: Invalid parameter numberHoliday check error: SQLSTATE[HY093]: Invalid parameter numberHoliday check error: SQLSTATE[HY093]: Invalid parameter numberHoliday check error: SQLSTATE[HY093]: Invalid parameter numberHoliday check error: SQLSTATE[HY093]: Invalid parameter numberHoliday check error: SQLSTATE[HY093]: Invalid parameter numberHoliday check error: SQLSTATE[HY093]: Invalid parameter numberHoliday check error: SQLSTATE[HY093]: Invalid parameter numberHoliday check error: SQLSTATE[HY093]: Invalid parameter numberHoliday check error: SQLSTATE[HY093]: Invalid parameter numberHoliday check error: SQLSTATE[HY093]: Invalid parameter numberHoliday check error: SQLSTATE[HY093]: Invalid parameter numberHoliday check error: SQLSTATE[HY093]: Invalid parameter numberHoliday check error: SQLSTATE[HY093]: Invalid parameter numberHoliday check error: SQLSTATE[HY093]: Invalid parameter numberHoliday check error: SQLSTATE[HY093]: Invalid parameter numberHoliday check error: SQLSTATE[HY093]: Invalid parameter numberHoliday check error: SQLSTATE[HY093]: Invalid parameter numberHoliday check error: SQLSTATE[HY093]: Invalid parameter numberHoliday check error: SQLSTATE[HY093]: Invalid parameter numberHoliday check error: SQLSTATE[HY093]: Invalid parameter numberHoliday check error: SQLSTATE[HY093]: Invalid parameter numberHoliday check error: SQLSTATE[HY093]: Invalid parameter numberHoliday check error: SQLSTATE[HY093]: Invalid parameter numberHoliday check error: SQLSTATE[HY093]: Invalid parameter numberHoliday check error: SQLSTATE[HY093]: Invalid parameter numberHoliday check error: SQLSTATE[HY093]: Invalid parameter numberHoliday check error: SQLSTATE[HY093]: Invalid parameter numberHoliday check error: SQLSTATE[HY093]: Invalid parameter numberHoliday check error: SQLSTATE[HY093]: Invalid parameter numberHoliday check error: SQLSTATE[HY093]: Invalid parameter numberHoliday check error: SQLSTATE[HY093]: Invalid parameter numberHoliday check error: SQLSTATE[HY093]: Invalid parameter numberHoliday check error: SQLSTATE[HY093]: Invalid parameter numberHoliday check error: SQLSTATE[HY093]: Invalid parameter numberHoliday check error: SQLSTATE[HY093]: Invalid parameter numberHoliday check error: SQLSTATE[HY093]: Invalid parameter numberHoliday check error: SQLSTATE[HY093]: Invalid parameter numberHoliday check error: SQLSTATE[HY093]: Invalid parameter numberHoliday check error: SQLSTATE[HY093]: Invalid parameter numberHoliday check error: SQLSTATE[HY093]: Invalid parameter numberHoliday check error: SQLSTATE[HY093]: Invalid parameter numberHoliday check error: SQLSTATE[HY093]: Invalid parameter numberHoliday check error: SQLSTATE[HY093]: Invalid parameter numberHoliday check error: SQLSTATE[HY093]: Invalid parameter numberHoliday check error: SQLSTATE[HY093]: Invalid parameter numberHoliday check error: SQLSTATE[HY093]: Invalid parameter numberHoliday check error: SQLSTATE[HY093]: Invalid parameter numberHoliday check error: SQLSTATE[HY093]: Invalid parameter numberHoliday check error: SQLSTATE[HY093]: Invalid parameter numberHoliday check error: SQLSTATE[HY093]: Invalid parameter numberHoliday check error: SQLSTATE[HY093]: Invalid parameter numberHoliday check error: SQLSTATE[HY093]: Invalid parameter numberHoliday check error: SQLSTATE[HY093]: Invalid parameter numberHoliday check error: SQLSTATE[HY093]: Invalid parameter numberHoliday check error: SQLSTATE[HY093]: Invalid parameter numberHoliday check error: SQLSTATE[HY093]: Invalid parameter numberHoliday check error: SQLSTATE[HY093]: Invalid parameter numberHoliday check error: SQLSTATE[HY093]: Invalid parameter numberHoliday check error: SQLSTATE[HY093]: Invalid parameter numberHoliday check error: SQLSTATE[HY093]: Invalid parameter numberHoliday check error: SQLSTATE[HY093]: Invalid parameter numberHoliday check error: SQLSTATE[HY093]: Invalid parameter numberHoliday check error: SQLSTATE[HY093]: Invalid parameter numberHoliday check error: SQLSTATE[HY093]: Invalid parameter numberHoliday check error: SQLSTATE[HY093]: Invalid parameter numberHoliday check error: SQLSTATE[HY093]: Invalid parameter numberHoliday check error: SQLSTATE[HY093]: Invalid parameter numberCSRF attempt detected: /api/log-location.phpCSRF attempt detected: /api/log-location.phpCSRF attempt detected: /api/log-location.phpCSRF attempt detected: /api/log-location.phpCSRF attempt detected: /api/log-location.phpCSRF attempt detected: /api/log-location.phpCSRF attempt detected: /api/log-location.phpCSRF attempt detected: /api/log-location.phpCSRF attempt detected: /api/log-location.phpCSRF attempt detected: /api/log-location.php